// Jest Snapshot v1, https://goo.gl/fbAQLP

exports[`Home component renders 1`] = `
<div>
  <div
    class="home-container"
  >
    <div
      class="home-content"
    >
      <h1>
        JUST ANOTHER FAKE STORE
      </h1>
      <a
        href="/shop"
      >
        SHOP NOW
      </a>
    </div>
  </div>
</div>
`;
