// Jest Snapshot v1, https://goo.gl/fbAQLP

exports[`ShoppingCart component renders 1`] = `
<div>
  <div
    class="shopping-cart"
  >
    <h1>
      Shopping Cart
    </h1>
    <div
      class="shopping-cart-item-header"
    >
      <p>
        Product
      </p>
      <p>
        Quantity
      </p>
      <p>
        Price
      </p>
      <p
        class="shopping-cart-empty-message"
      >
        You haven't added any items to the shopping cart.
      </p>
    </div>
  </div>
</div>
`;
