// Jest Snapshot v1, https://goo.gl/fbAQLP

exports[`ShopItem component renders 1`] = `
<div>
  <div
    class="shop-item"
  >
    <span
      class="shop-item-name"
    />
    <span
      class="shop-item-price"
    />
    <div
      class="shop-item-controls"
    >
      <label
        for="shop-item-quantity"
      >
        Quantity
      </label>
      <input
        id="shop-item-quantity"
        name="shop-item-quantity"
        type="text"
        value="0"
      />
      <button>
        Inc
      </button>
      <button>
        Dec
      </button>
      <button>
        Add to Cart
      </button>
    </div>
  </div>
</div>
`;
